[2015-10-01 20:03:51,388](DEBUG)crawler---MainThread : 123
[2015-10-01 20:08:37,443](DEBUG)crawler---MainThread : 123
[2015-10-01 20:08:53,875](DEBUG)crawler---MainThread : 123
